// Jest Snapshot v1, https://goo.gl/fbAQLP

exports[`Test <GifItem /> Component Debe coincidir con el snapshot 1`] = `
<div>
  <div
    class="card"
  >
    <img
      alt="Goku"
      src="https://media.revistagq.com/photos/5f45010acb266484bb785c78/master/pass/dragon-ball-z.jpg"
    />
    <p>
      Goku
    </p>
  </div>
</div>
`;
